<object-stream>
<org.drools.audit.event.ActivationLogEvent>
  <type>4</type>
  <activationId>Pozycja [0]</activationId>
  <rule>Pozycja</rule>
  <declarations></declarations>
</org.drools.audit.event.ActivationLogEvent>
<org.drools.audit.event.ActivationLogEvent>
  <type>6</type>
  <activationId>Pozycja [0]</activationId>
  <rule>Pozycja</rule>
  <declarations></declarations>
</org.drools.audit.event.ActivationLogEvent>
<org.drools.audit.event.ActivationLogEvent>
  <type>4</type>
  <activationId>Zel [0]</activationId>
  <rule>Zel</rule>
  <declarations></declarations>
</org.drools.audit.event.ActivationLogEvent>
<org.drools.audit.event.ActivationLogEvent>
  <type>4</type>
  <activationId>Szybkosc [0]</activationId>
  <rule>Szybkosc</rule>
  <declarations></declarations>
</org.drools.audit.event.ActivationLogEvent>
<org.drools.audit.event.ActivationLogEvent>
  <type>4</type>
  <activationId>Wypady [0]</activationId>
  <rule>Wypady</rule>
  <declarations></declarations>
</org.drools.audit.event.ActivationLogEvent>
<org.drools.audit.event.ObjectLogEvent>
  <type>1</type>
  <factId>1</factId>
  <objectToString>com.sample.DroolsTest$Pozycja@8c0d86</objectToString>
</org.drools.audit.event.ObjectLogEvent>
<org.drools.audit.event.ActivationLogEvent>
  <type>7</type>
  <activationId>Pozycja [0]</activationId>
  <rule>Pozycja</rule>
  <declarations></declarations>
</org.drools.audit.event.ActivationLogEvent>
<org.drools.audit.event.ActivationLogEvent>
  <type>6</type>
  <activationId>Wypady [0]</activationId>
  <rule>Wypady</rule>
  <declarations></declarations>
</org.drools.audit.event.ActivationLogEvent>
<org.drools.audit.event.ActivationLogEvent>
  <type>4</type>
  <activationId>Neuer [0]</activationId>
  <rule>Neuer</rule>
  <declarations></declarations>
</org.drools.audit.event.ActivationLogEvent>
<org.drools.audit.event.ObjectLogEvent>
  <type>1</type>
  <factId>2</factId>
  <objectToString>com.sample.DroolsTest$Wypady@17418ba</objectToString>
</org.drools.audit.event.ObjectLogEvent>
<org.drools.audit.event.ActivationLogEvent>
  <type>7</type>
  <activationId>Wypady [0]</activationId>
  <rule>Wypady</rule>
  <declarations></declarations>
</org.drools.audit.event.ActivationLogEvent>
<org.drools.audit.event.ActivationLogEvent>
  <type>6</type>
  <activationId>Neuer [0]</activationId>
  <rule>Neuer</rule>
  <declarations></declarations>
</org.drools.audit.event.ActivationLogEvent>
<org.drools.audit.event.ActivationLogEvent>
  <type>7</type>
  <activationId>Neuer [0]</activationId>
  <rule>Neuer</rule>
  <declarations></declarations>
</org.drools.audit.event.ActivationLogEvent>
<org.drools.audit.event.ActivationLogEvent>
  <type>6</type>
  <activationId>Szybkosc [0]</activationId>
  <rule>Szybkosc</rule>
  <declarations></declarations>
</org.drools.audit.event.ActivationLogEvent>
<org.drools.audit.event.ObjectLogEvent>
  <type>1</type>
  <factId>3</factId>
  <objectToString>com.sample.DroolsTest$Szybkosc@4e5b11</objectToString>
</org.drools.audit.event.ObjectLogEvent>
<org.drools.audit.event.ActivationLogEvent>
  <type>7</type>
  <activationId>Szybkosc [0]</activationId>
  <rule>Szybkosc</rule>
  <declarations></declarations>
</org.drools.audit.event.ActivationLogEvent>
<org.drools.audit.event.ActivationLogEvent>
  <type>6</type>
  <activationId>Zel [0]</activationId>
  <rule>Zel</rule>
  <declarations></declarations>
</org.drools.audit.event.ActivationLogEvent>
<org.drools.audit.event.ObjectLogEvent>
  <type>1</type>
  <factId>4</factId>
  <objectToString>com.sample.DroolsTest$Zel@1f5e91e</objectToString>
</org.drools.audit.event.ObjectLogEvent>
<org.drools.audit.event.ActivationLogEvent>
  <type>7</type>
  <activationId>Zel [0]</activationId>
  <rule>Zel</rule>
  <declarations></declarations>
</org.drools.audit.event.ActivationLogEvent>
</object-stream>
